<?xml version="1.0" encoding="UTF-8"?>
<testsuites name="nextest-run" tests="49" failures="0" errors="0" uuid="19113f40-7e23-4cc4-b61d-3efd132cc1cf" timestamp="2025-09-20T01:33:17.658-03:00" time="0.606">
    <testsuite name="credit-engine-core" tests="38" disabled="0" errors="0" failures="0">
        <testcase name="amm::error::tests::log_json_shape" classname="credit-engine-core" timestamp="2025-09-20T01:33:17.659-03:00" time="0.044">
        </testcase>
        <testcase name="amm::error_map::tests::detects_min_reserve" classname="credit-engine-core" timestamp="2025-09-20T01:33:17.659-03:00" time="0.053">
        </testcase>
        <testcase name="amm::error_map::tests::detects_overflow" classname="credit-engine-core" timestamp="2025-09-20T01:33:17.660-03:00" time="0.061">
        </testcase>
        <testcase name="amm::error_map::tests::ok_path" classname="credit-engine-core" timestamp="2025-09-20T01:33:17.661-03:00" time="0.070">
        </testcase>
        <testcase name="amm::error::tests::user_string_basic" classname="credit-engine-core" timestamp="2025-09-20T01:33:17.659-03:00" time="0.081">
        </testcase>
        <testcase name="amm::error_map::tests::detects_zero_amount" classname="credit-engine-core" timestamp="2025-09-20T01:33:17.660-03:00" time="0.091">
        </testcase>
        <testcase name="amm::error_map::tests::detects_effective_zero" classname="credit-engine-core" timestamp="2025-09-20T01:33:17.660-03:00" time="0.103">
        </testcase>
        <testcase name="amm::error_map::tests::detects_zero_reserve" classname="credit-engine-core" timestamp="2025-09-20T01:33:17.661-03:00" time="0.112">
        </testcase>
        <testcase name="amm::guardrails::tests::t_ensure_nonzero" classname="credit-engine-core" timestamp="2025-09-20T01:33:17.661-03:00" time="0.121">
        </testcase>
        <testcase name="amm::error::tests::placeholder_subst" classname="credit-engine-core" timestamp="2025-09-20T01:33:17.661-03:00" time="0.130">
        </testcase>
        <testcase name="amm::guardrails::tests::t_checked_add_sub_over_under_flow" classname="credit-engine-core" timestamp="2025-09-20T01:33:17.661-03:00" time="0.138">
        </testcase>
        <testcase name="amm::error::tests::macros_variants" classname="credit-engine-core" timestamp="2025-09-20T01:33:17.662-03:00" time="0.150">
        </testcase>
        <testcase name="amm::guardrails::tests::t_u256_div_nearest_even_rounding" classname="credit-engine-core" timestamp="2025-09-20T01:33:17.713-03:00" time="0.129">
        </testcase>
        <testcase name="amm::guardrails::tests::t_ensure_reserves" classname="credit-engine-core" timestamp="2025-09-20T01:33:17.711-03:00" time="0.139">
        </testcase>
        <testcase name="amm::liquidity::tests::t_add_liquidity_min_by_y" classname="credit-engine-core" timestamp="2025-09-20T01:33:17.722-03:00" time="0.138">
        </testcase>
        <testcase name="amm::liquidity::tests::t_initial_mint_min_reserve_guard" classname="credit-engine-core" timestamp="2025-09-20T01:33:17.752-03:00" time="0.116">
        </testcase>
        <testcase name="amm::liquidity::tests::t_add_liquidity_too_small" classname="credit-engine-core" timestamp="2025-09-20T01:33:17.740-03:00" time="0.138">
        </testcase>
        <testcase name="amm::liquidity::tests::t_add_liquidity_proportional_sym" classname="credit-engine-core" timestamp="2025-09-20T01:33:17.732-03:00" time="0.155">
        </testcase>
        <testcase name="amm::liquidity::tests::t_remove_liquidity_zero_burn" classname="credit-engine-core" timestamp="2025-09-20T01:33:17.800-03:00" time="0.097">
        </testcase>
        <testcase name="amm::liquidity::tests::t_initial_mint_symmetrical" classname="credit-engine-core" timestamp="2025-09-20T01:33:17.764-03:00" time="0.146">
        </testcase>
        <testcase name="amm::liquidity::tests::t_remove_liquidity_burn_too_big" classname="credit-engine-core" timestamp="2025-09-20T01:33:17.782-03:00" time="0.136">
        </testcase>
        <testcase name="amm::liquidity::tests::t_remove_liquidity_10_percent" classname="credit-engine-core" timestamp="2025-09-20T01:33:17.773-03:00" time="0.154">
        </testcase>
        <testcase name="amm::liquidity::tests::t_remove_liquidity_min_reserve_guard" classname="credit-engine-core" timestamp="2025-09-20T01:33:17.791-03:00" time="0.147">
        </testcase>
        <testcase name="amm::pricing::tests::t_exec_price_matches_ratio_out_over_dx" classname="credit-engine-core" timestamp="2025-09-20T01:33:17.834-03:00" time="0.129">
        </testcase>
        <testcase name="amm::pricing::tests::t_min_out_with_tolerance" classname="credit-engine-core" timestamp="2025-09-20T01:33:17.851-03:00" time="0.122">
        </testcase>
        <testcase name="amm::pricing::tests::t_safety_invalid_inputs" classname="credit-engine-core" timestamp="2025-09-20T01:33:17.861-03:00" time="0.122">
        </testcase>
        <testcase name="amm::pricing::tests::t_max_in_with_tolerance" classname="credit-engine-core" timestamp="2025-09-20T01:33:17.844-03:00" time="0.150">
        </testcase>
        <testcase name="amm::pricing::tests::t_slippage_no_fee_vs_fee" classname="credit-engine-core" timestamp="2025-09-20T01:33:17.868-03:00" time="0.133">
        </testcase>
        <testcase name="amm::pricing::tests::t_spot_prices_basic" classname="credit-engine-core" timestamp="2025-09-20T01:33:17.879-03:00" time="0.141">
        </testcase>
        <testcase name="amm::swap::tests::t_dx_net_zero_due_fee_rejected" classname="credit-engine-core" timestamp="2025-09-20T01:33:17.889-03:00" time="0.142">
        </testcase>
        <testcase name="amm::swap::tests::t_dx_zero_rejected" classname="credit-engine-core" timestamp="2025-09-20T01:33:17.898-03:00" time="0.144">
        </testcase>
        <testcase name="amm::swap::tests::t_in_for_target_out_with_fee_minimal" classname="credit-engine-core" timestamp="2025-09-20T01:33:17.918-03:00" time="0.135">
        </testcase>
        <testcase name="amm::swap::tests::t_dy_too_large_rejected" classname="credit-engine-core" timestamp="2025-09-20T01:33:17.910-03:00" time="0.151">
        </testcase>
        <testcase name="amm::swap::tests::t_out_asymmetric_no_fee" classname="credit-engine-core" timestamp="2025-09-20T01:33:17.929-03:00" time="0.145">
        </testcase>
        <testcase name="amm::swap::tests::t_out_symmetric_with_fee" classname="credit-engine-core" timestamp="2025-09-20T01:33:17.963-03:00" time="0.122">
        </testcase>
        <testcase name="amm::swap::tests::t_out_symmetric_no_fee" classname="credit-engine-core" timestamp="2025-09-20T01:33:17.961-03:00" time="0.135">
        </testcase>
        <testcase name="amm::swap::tests::t_small_values_min_reserve_guard" classname="credit-engine-core" timestamp="2025-09-20T01:33:17.973-03:00" time="0.145">
        </testcase>
        <testcase name="amm::swap::tests::t_zero_reserve_rejected" classname="credit-engine-core" timestamp="2025-09-20T01:33:17.983-03:00" time="0.147">
        </testcase>
    </testsuite>
    <testsuite name="credit-engine-core::amm_error_catalog" tests="4" disabled="0" errors="0" failures="0">
        <testcase name="all_codes_are_unique" classname="credit-engine-core::amm_error_catalog" timestamp="2025-09-20T01:33:18.001-03:00" time="0.139">
        </testcase>
        <testcase name="all_messages_nonempty" classname="credit-engine-core::amm_error_catalog" timestamp="2025-09-20T01:33:18.006-03:00" time="0.144">
        </testcase>
        <testcase name="exhaustive_all_slice" classname="credit-engine-core::amm_error_catalog" timestamp="2025-09-20T01:33:18.052-03:00" time="0.110">
        </testcase>
        <testcase name="format_examples_resolve_placeholders" classname="credit-engine-core::amm_error_catalog" timestamp="2025-09-20T01:33:18.056-03:00" time="0.118">
        </testcase>
    </testsuite>
    <testsuite name="credit-engine-core::amm_error_roundtrip" tests="2" disabled="0" errors="0" failures="0">
        <testcase name="all_codes_seen" classname="credit-engine-core::amm_error_roundtrip" timestamp="2025-09-20T01:33:18.056-03:00" time="0.129">
        </testcase>
        <testcase name="json_shape_per_code" classname="credit-engine-core::amm_error_roundtrip" timestamp="2025-09-20T01:33:18.058-03:00" time="0.149">
        </testcase>
    </testsuite>
    <testsuite name="credit-engine-core::amm_error_ui_strings" tests="3" disabled="0" errors="0" failures="0">
        <testcase name="no_newlines_or_tabs" classname="credit-engine-core::amm_error_ui_strings" timestamp="2025-09-20T01:33:18.063-03:00" time="0.135">
        </testcase>
        <testcase name="truncate_long_context_values" classname="credit-engine-core::amm_error_ui_strings" timestamp="2025-09-20T01:33:18.079-03:00" time="0.146">
        </testcase>
        <testcase name="unknown_placeholder_is_left_as_is" classname="credit-engine-core::amm_error_ui_strings" timestamp="2025-09-20T01:33:18.086-03:00" time="0.151">
        </testcase>
    </testsuite>
    <testsuite name="credit-engine-core::golden_cpmm" tests="1" disabled="0" errors="0" failures="0">
        <testcase name="golden_cpmm_all" classname="credit-engine-core::golden_cpmm" timestamp="2025-09-20T01:33:18.129-03:00" time="0.127">
        </testcase>
    </testsuite>
    <testsuite name="credit-engine-core::fuzz_invariants" tests="1" disabled="0" errors="0" failures="0">
        <testcase name="invariants_hold" classname="credit-engine-core::fuzz_invariants" timestamp="2025-09-20T01:33:18.119-03:00" time="0.144">
        </testcase>
    </testsuite>
</testsuites>
